[
  {
    "name": "gt_field",
    "typeKind": "float32",
    "nillable": false,
    "optional": false,
    "immutable": false,
    "default": "0",
    "validatorCount": 0,
    "storageKey": "",
    "comment": "",
    "sourceField": {
      "contractVersion": 1,
      "name": "gt_field",
      "number": 1,
      "kind": "scalar",
      "translatedIDs": [],
      "residualIDs": [
        "float.gt"
      ],
      "residualFingerprint": "c2861199ee988926cc042cfb8a004fd086e260aaa2445e0aceb2504310948366",
      "lengthUnitDivergentIDs": []
    }
  },
  {
    "name": "lt_field",
    "typeKind": "float32",
    "nillable": false,
    "optional": false,
    "immutable": false,
    "default": "0",
    "validatorCount": 0,
    "storageKey": "",
    "comment": "",
    "sourceField": {
      "contractVersion": 1,
      "name": "lt_field",
      "number": 2,
      "kind": "scalar",
      "translatedIDs": [],
      "residualIDs": [
        "float.lt"
      ],
      "residualFingerprint": "6960d0879f70ab5701f2f8e64f52b91f8b73fb8bd28b2c4e307dc15c2fdede72",
      "lengthUnitDivergentIDs": []
    }
  },
  {
    "name": "gte_lte_field",
    "typeKind": "float32",
    "nillable": false,
    "optional": false,
    "immutable": false,
    "default": "0",
    "validatorCount": 1,
    "storageKey": "",
    "comment": "",
    "sourceField": {
      "contractVersion": 1,
      "name": "gte_lte_field",
      "number": 3,
      "kind": "scalar",
      "translatedIDs": [
        "float.gte",
        "float.lte"
      ],
      "residualIDs": [],
      "residualFingerprint": "",
      "lengthUnitDivergentIDs": []
    }
  }
]