[
  {
    "name": "gt_max_field",
    "typeKind": "int32",
    "nillable": false,
    "optional": false,
    "immutable": false,
    "default": "0",
    "validatorCount": 0,
    "storageKey": "",
    "comment": "",
    "sourceField": {
      "contractVersion": 1,
      "name": "gt_max_field",
      "number": 1,
      "kind": "scalar",
      "translatedIDs": [],
      "residualIDs": [
        "int32.gt"
      ],
      "residualFingerprint": "9554fce1c1cc84b3b9baf7220a4b41b33eb739b98b3b9394294a7dfc38b77ef0",
      "lengthUnitDivergentIDs": []
    }
  },
  {
    "name": "lt_min_field",
    "typeKind": "int32",
    "nillable": false,
    "optional": false,
    "immutable": false,
    "default": "0",
    "validatorCount": 0,
    "storageKey": "",
    "comment": "",
    "sourceField": {
      "contractVersion": 1,
      "name": "lt_min_field",
      "number": 2,
      "kind": "scalar",
      "translatedIDs": [],
      "residualIDs": [
        "int32.lt"
      ],
      "residualFingerprint": "75fa76d2eee7c7f02bdbaf6a1723424425da08b0a5e721179db08e8688107564",
      "lengthUnitDivergentIDs": []
    }
  }
]