[
  {
    "name": "coincident_field",
    "typeKind": "int32",
    "nillable": false,
    "optional": false,
    "immutable": false,
    "default": "0",
    "validatorCount": 1,
    "storageKey": "",
    "comment": "",
    "sourceField": {
      "contractVersion": 1,
      "name": "coincident_field",
      "number": 1,
      "kind": "scalar",
      "translatedIDs": [
        "int32.gt",
        "int32.lt"
      ],
      "residualIDs": [],
      "residualFingerprint": "",
      "lengthUnitDivergentIDs": []
    }
  },
  {
    "name": "crossed_field",
    "typeKind": "int32",
    "nillable": false,
    "optional": false,
    "immutable": false,
    "default": "0",
    "validatorCount": 1,
    "storageKey": "",
    "comment": "",
    "sourceField": {
      "contractVersion": 1,
      "name": "crossed_field",
      "number": 2,
      "kind": "scalar",
      "translatedIDs": [
        "int32.gt",
        "int32.lt"
      ],
      "residualIDs": [],
      "residualFingerprint": "",
      "lengthUnitDivergentIDs": []
    }
  }
]