[
  {
    "name": "gt_field",
    "typeKind": "float64",
    "nillable": false,
    "optional": false,
    "immutable": false,
    "default": "0",
    "validatorCount": 0,
    "storageKey": "",
    "comment": "",
    "sourceField": {
      "contractVersion": 1,
      "name": "gt_field",
      "number": 1,
      "kind": "scalar",
      "translatedIDs": [],
      "residualIDs": [
        "double.gt"
      ],
      "residualFingerprint": "f63571ce9a8b5346c433cc6d8f61f5f9aa05003ef69d49eee1211e71e589d462",
      "lengthUnitDivergentIDs": []
    }
  },
  {
    "name": "gte_lte_field",
    "typeKind": "float64",
    "nillable": false,
    "optional": false,
    "immutable": false,
    "default": "0",
    "validatorCount": 1,
    "storageKey": "",
    "comment": "",
    "sourceField": {
      "contractVersion": 1,
      "name": "gte_lte_field",
      "number": 2,
      "kind": "scalar",
      "translatedIDs": [
        "double.gte",
        "double.lte"
      ],
      "residualIDs": [],
      "residualFingerprint": "",
      "lengthUnitDivergentIDs": []
    }
  }
]