[
  {
    "name": "value",
    "typeKind": "int32",
    "nillable": false,
    "optional": false,
    "immutable": false,
    "default": "0",
    "validatorCount": 0,
    "storageKey": "",
    "comment": "",
    "sourceField": {
      "contractVersion": 1,
      "name": "value",
      "number": 1,
      "kind": "scalar",
      "translatedIDs": [],
      "residualIDs": [
        "required"
      ],
      "residualFingerprint": "",
      "lengthUnitDivergentIDs": []
    }
  }
]