[
  {
    "name": "value",
    "typeKind": "string",
    "nillable": false,
    "optional": false,
    "immutable": false,
    "default": "\"\"",
    "validatorCount": 1,
    "storageKey": "",
    "comment": "",
    "sourceField": {
      "contractVersion": 1,
      "name": "value",
      "number": 1,
      "kind": "scalar",
      "translatedIDs": [
        "string.hostname"
      ],
      "residualIDs": [],
      "residualFingerprint": "",
      "lengthUnitDivergentIDs": []
    }
  }
]